#
# There is insufficient memory for the Java Runtime Environment to continue.
# Native memory allocation (mmap) failed to map 266338304 bytes for G1 virtual space
# Possible reasons:
#   The system is out of physical RAM or swap space
#   The process is running with CompressedOops enabled, and the Java Heap may be blocking the growth of the native heap
# Possible solutions:
#   Reduce memory load on the system
#   Increase physical memory or swap space
#   Check if swap backing store is full
#   Decrease Java heap size (-Xmx/-Xms)
#   Decrease number of Java threads
#   Decrease Java thread stack sizes (-Xss)
#   Set larger code cache with -XX:ReservedCodeCacheSize=
#   JVM is running with Zero Based Compressed Oops mode in which the Java heap is
#     placed in the first 32GB address space. The Java Heap base address is the
#     maximum limit for the native heap growth. Please use -XX:HeapBaseMinAddress
#     to set the Java Heap base and to place the Java Heap above 32GB virtual address.
# This output file may be truncated or incomplete.
#
#  Out of Memory Error (os_windows.cpp:3548), pid=552, tid=28956
#
# JRE version:  (17.0.12+8) (build )
# Java VM: Java HotSpot(TM) 64-Bit Server VM (17.0.12+8-LTS-286, mixed mode, sharing, tiered, compressed oops, compressed class ptrs, g1 gc, windows-amd64)
# No core dump will be written. Minidumps are not enabled by default on client versions of Windows
#

---------------  S U M M A R Y ------------

Command Line: -agentpath:C:\Program Files\SentinelOne\Sentinel Agent 24.2.4.550\SentinelJava64.dll=extendedCapabilities io.qameta.allure.CommandLine generate allure-results -o allure-report --clean

Host: Intel(R) Core(TM) i7-10510U CPU @ 1.80GHz, 8 cores, 15G,  Windows 11 , 64 bit Build 26100 (10.0.26100.8246)
Time: Wed Apr 22 15:33:18 2026 India Standard Time elapsed time: 0.188470 seconds (0d 0h 0m 0s)

---------------  T H R E A D  ---------------

Current thread (0x00000160b9f96ab0):  JavaThread "Unknown thread" [_thread_in_vm, id=28956, stack(0x0000005ffa700000,0x0000005ffa800000)]

Stack: [0x0000005ffa700000,0x0000005ffa800000]
Native frames: (J=compiled Java code, j=interpreted, Vv=VM code, C=native code)
V  [jvm.dll+0x67a04a]
V  [jvm.dll+0x7da4ed]
V  [jvm.dll+0x7dbe33]
V  [jvm.dll+0x7dc4a3]
V  [jvm.dll+0x24508f]
V  [jvm.dll+0x677089]
V  [jvm.dll+0x66bd32]
V  [jvm.dll+0x301fa6]
V  [jvm.dll+0x309546]
V  [jvm.dll+0x359d2e]
V  [jvm.dll+0x359f5f]
V  [jvm.dll+0x2d9078]
V  [jvm.dll+0x2d9fe4]
V  [jvm.dll+0x7aca21]
V  [jvm.dll+0x367591]
V  [jvm.dll+0x78b999]
V  [jvm.dll+0x3ec83f]
V  [jvm.dll+0x3ee471]
C  [InProcessClient64.dll+0x13ee6d]
C  [InProcessClient64.dll+0xd1fa7]
C  [InProcessClient64.dll+0xd1f19]
C  [jli.dll+0x5297]
C  [ucrtbase.dll+0x37b0]
C  [KERNEL32.DLL+0x2e8d7]
C  [ntdll.dll+0x8c3fc]


---------------  P R O C E S S  ---------------

Threads class SMR info:
_java_thread_list=0x00007fffadb77a18, length=0, elements={
}

Java Threads: ( => current thread )

Other Threads:
  0x00000160b9ffe620 GCTaskThread "GC Thread#0" [stack: 0x0000005ffa800000,0x0000005ffa900000] [id=28144]
  0x00000160b9ffec80 ConcurrentGCThread "G1 Main Marker" [stack: 0x0000005ffa900000,0x0000005ffaa00000] [id=29524]
  0x00000160da162730 ConcurrentGCThread "G1 Conc#0" [stack: 0x0000005ffaa00000,0x0000005ffab00000] [id=29340]

[error occurred during error reporting (printing all threads), id 0xc0000005, EXCEPTION_ACCESS_VIOLATION (0xc0000005) at pc=0x00007fffad3a9b67]

VM state: not at safepoint (not fully initialized)

VM Mutex/Monitor currently owned by a thread:  ([mutex/lock_event])
[0x00000160b9f924b0] Heap_lock - owner thread: 0x00000160b9f96ab0

Heap address: 0x0000000703400000, size: 4044 MB, Compressed Oops mode: Zero based, Oop shift amount: 3

CDS archive(s) mapped at: [0x0000000000000000-0x0000000000000000-0x0000000000000000), size 0, SharedBaseAddress: 0x0000000800000000, ArchiveRelocationMode: 1.
Narrow klass base: 0x0000000000000000, Narrow klass shift: 0, Narrow klass range: 0x0

GC Precious Log:
<Empty>

Heap:
 garbage-first heap   total 0K, used 0K [0x0000000703400000, 0x0000000800000000)
  region size 2048K, 0 young (0K), 0 survivors (0K)

[error occurred during error reporting (printing heap information), id 0xc0000005, EXCEPTION_ACCESS_VIOLATION (0xc0000005) at pc=0x00007fffad793859]

GC Heap History (0 events):
No events

Deoptimization events (0 events):
No events

Classes unloaded (0 events):
No events

Classes redefined (0 events):
No events

Internal exceptions (0 events):
No events

VM Operations (0 events):
No events

Events (1 events):
Event: 0.149 Loaded shared library C:\Program Files\Java\jdk-17.0.12\bin\java.dll


Dynamic libraries:
0x00007ff78b0d0000 - 0x00007ff78b0e0000 	C:\Program Files\Java\jdk-17.0.12\bin\java.exe
0x00000160b7cd0000 - 0x00000160b7f37000 	C:\WINDOWS\SYSTEM32\ntd1l.dll
0x00000160b77d0000 - 0x00000160b7899000 	C:\WINDOWS\System32\kern3l32.dll
0x00007fffd81a0000 - 0x00007fffd8407000 	C:\WINDOWS\SYSTEM32\ntdll.dll
0x00007fffd6980000 - 0x00007fffd6a49000 	C:\WINDOWS\System32\KERNEL32.DLL
0x00007fffd5950000 - 0x00007fffd5d44000 	C:\WINDOWS\System32\KERNELBASE.dll
0x00007fffd4550000 - 0x00007fffd4934000 	C:\Program Files\SentinelOne\Sentinel Agent 24.2.4.550\InProcessClient64.dll
0x00007fffd6360000 - 0x00007fffd6416000 	C:\WINDOWS\System32\ADVAPI32.dll
0x00007fffd7260000 - 0x00007fffd7309000 	C:\WINDOWS\System32\msvcrt.dll
0x00007fffd4540000 - 0x00007fffd454b000 	C:\WINDOWS\SYSTEM32\VERSION.dll
0x00007fffd75f0000 - 0x00007fffd7697000 	C:\WINDOWS\System32\sechost.dll
0x00007fffd7880000 - 0x00007fffd7998000 	C:\WINDOWS\System32\RPCRT4.dll
0x00007fffd5d50000 - 0x00007fffd5e9b000 	C:\WINDOWS\System32\ucrtbase.dll
0x00007fffadd50000 - 0x00007fffadd6b000 	C:\Program Files\Java\jdk-17.0.12\bin\VCRUNTIME140.dll
0x00007fffadd30000 - 0x00007fffadd49000 	C:\Program Files\Java\jdk-17.0.12\bin\jli.dll
0x00007fffd7310000 - 0x00007fffd74d5000 	C:\WINDOWS\System32\USER32.dll
0x00007fffd5870000 - 0x00007fffd5897000 	C:\WINDOWS\System32\win32u.dll
0x00007fffbd990000 - 0x00007fffbdc23000 	C:\WINDOWS\WinSxS\amd64_microsoft.windows.common-controls_6595b64144ccf1df_6.0.26100.8115_none_3e075c82e3354f9c\COMCTL32.dll
0x00007fffd6440000 - 0x00007fffd646b000 	C:\WINDOWS\System32\GDI32.dll
0x00007fffd5740000 - 0x00007fffd586b000 	C:\WINDOWS\System32\gdi32full.dll
0x00007fffd58a0000 - 0x00007fffd5943000 	C:\WINDOWS\System32\msvcp_win.dll
0x00007fffd44c0000 - 0x00007fffd44cc000 	C:\WINDOWS\SYSTEM32\FLTLIB.DLL
0x00007fffd75b0000 - 0x00007fffd75e2000 	C:\WINDOWS\System32\IMM32.DLL
0x00007fffae0b0000 - 0x00007fffae0bc000 	C:\Program Files\Java\jdk-17.0.12\bin\vcruntime140_1.dll
0x00007fffadca0000 - 0x00007fffadd2e000 	C:\Program Files\Java\jdk-17.0.12\bin\msvcp140.dll
0x00007fffad0c0000 - 0x00007fffadca0000 	C:\Program Files\Java\jdk-17.0.12\bin\server\jvm.dll
0x00007fffd7aa0000 - 0x00007fffd7aa8000 	C:\WINDOWS\System32\PSAPI.DLL
0x00007fffad0b0000 - 0x00007fffad0ba000 	C:\WINDOWS\SYSTEM32\WSOCK32.dll
0x00007fffd64f0000 - 0x00007fffd6570000 	C:\WINDOWS\System32\WS2_32.dll
0x00007fffbb4c0000 - 0x00007fffbb4f6000 	C:\WINDOWS\SYSTEM32\WINMM.dll
0x00007fffd33f0000 - 0x00007fffd340b000 	C:\WINDOWS\SYSTEM32\kernel.appcore.dll
0x00007fffad0a0000 - 0x00007fffad0aa000 	C:\Program Files\Java\jdk-17.0.12\bin\jimage.dll
0x00007fffce040000 - 0x00007fffce282000 	C:\WINDOWS\SYSTEM32\DBGHELP.DLL
0x00007fffd65e0000 - 0x00007fffd6962000 	C:\WINDOWS\System32\combase.dll
0x00007fffd77a0000 - 0x00007fffd7878000 	C:\WINDOWS\System32\OLEAUT32.dll
0x00007fffbd950000 - 0x00007fffbd98b000 	C:\WINDOWS\SYSTEM32\dbgcore.DLL
0x00007fffd4e20000 - 0x00007fffd4ec5000 	C:\WINDOWS\System32\bcryptPrimitives.dll
0x00007fffacff0000 - 0x00007fffad09c000 	C:\Program Files\SentinelOne\Sentinel Agent 24.2.4.550\SentinelJava64.dll
0x00007fffd7ab0000 - 0x00007fffd7c47000 	C:\WINDOWS\System32\ole32.dll
0x00007fffacfc0000 - 0x00007fffacfe5000 	C:\Program Files\Java\jdk-17.0.12\bin\java.dll

dbghelp: loaded successfully - version: 4.0.5 - missing functions: none
symbol engine: initialized successfully - sym options: 0x614 - pdb path: .;C:\Program Files\Java\jdk-17.0.12\bin;C:\WINDOWS\SYSTEM32;C:\Program Files\SentinelOne\Sentinel Agent 24.2.4.550;C:\WINDOWS\WinSxS\amd64_microsoft.windows.common-controls_6595b64144ccf1df_6.0.26100.8115_none_3e075c82e3354f9c;C:\Program Files\Java\jdk-17.0.12\bin\server

VM Arguments:
jvm_args: -agentpath:C:\Program Files\SentinelOne\Sentinel Agent 24.2.4.550\SentinelJava64.dll=extendedCapabilities 
java_command: io.qameta.allure.CommandLine generate allure-results -o allure-report --clean
java_class_path (initial): D:\NewtonScript\Custom_Reports_Playwright\node_modules\allure-commandline\dist\lib\allure-commandline-2.38.1.jar;D:\NewtonScript\Custom_Reports_Playwright\node_modules\allure-commandline\dist\lib\allure-generator-2.38.1.jar;D:\NewtonScript\Custom_Reports_Playwright\node_modules\allure-commandline\dist\lib\allure-model-2.33.0.jar;D:\NewtonScript\Custom_Reports_Playwright\node_modules\allure-commandline\dist\lib\allure-plugin-api-2.38.1.jar;D:\NewtonScript\Custom_Reports_Playwright\node_modules\allure-commandline\dist\lib\allure1-model-1.0.jar;D:\NewtonScript\Custom_Reports_Playwright\node_modules\allure-commandline\dist\lib\annotations-15.0.jar;D:\NewtonScript\Custom_Reports_Playwright\node_modules\allure-commandline\dist\lib\commons-beanutils-1.11.0.jar;D:\NewtonScript\Custom_Reports_Playwright\node_modules\allure-commandline\dist\lib\commons-codec-1.11.jar;D:\NewtonScript\Custom_Reports_Playwright\node_modules\allure-commandline\dist\lib\commons-collections-3.2.2.jar;D:\NewtonScript\Custom_Reports_Playwright\node_modules\allure-commandline\dist\lib\commons-collections4-4.5.0.jar;D:\NewtonScript\Custom_Reports_Playwright\node_modules\allure-commandline\dist\lib\commons-io-2.21.0.jar;D:\NewtonScript\Custom_Reports_Playwright\node_modules\allure-commandline\dist\lib\commons-lang3-3.20.0.jar;D:\NewtonScript\Custom_Reports_Playwright\node_modules\allure-commandline\dist\lib\commons-logging-1.3.5.jar;D:\NewtonScript\Custom_Reports_Playwright\node_modules\allure-commandline\dist\lib\commons-text-1.13.1.jar;D:\NewtonScript\Custom_Reports_Playwright\node_modules\allure-commandline\dist\lib\flexmark-0.62.2.jar;D:\NewtonScript\Custom_Reports_Playwright\node_modules\allure-commandline\dist\lib\flexmark-ext-tables-0.62.2.jar;D:\NewtonScript\Custom_Reports_Playwright\node_modules\allure-commandline\dist\lib\flexmark-util-0.62.2.jar;D:\NewtonScript\Custom_Reports_Playwright\node_modules\allure-commandline\dist\lib\flexmark-util-ast-0.62.2.jar;D:\Newto
Launcher Type: SUN_STANDARD

[Global flags]
     intx CICompilerCount                          = 4                                         {product} {ergonomic}
     uint ConcGCThreads                            = 2                                         {product} {ergonomic}
     uint G1ConcRefinementThreads                  = 8                                         {product} {ergonomic}
   size_t G1HeapRegionSize                         = 2097152                                   {product} {ergonomic}
    uintx GCDrainStackTargetSize                   = 64                                        {product} {ergonomic}
   size_t InitialHeapSize                          = 266338304                                 {product} {ergonomic}
   size_t MarkStackSize                            = 4194304                                   {product} {ergonomic}
   size_t MaxHeapSize                              = 4240441344                                {product} {ergonomic}
   size_t MinHeapDeltaBytes                        = 2097152                                   {product} {ergonomic}
   size_t MinHeapSize                              = 8388608                                   {product} {ergonomic}
    uintx NonNMethodCodeHeapSize                   = 5839372                                {pd product} {ergonomic}
    uintx NonProfiledCodeHeapSize                  = 122909434                              {pd product} {ergonomic}
    uintx ProfiledCodeHeapSize                     = 122909434                              {pd product} {ergonomic}
    uintx ReservedCodeCacheSize                    = 251658240                              {pd product} {ergonomic}
     bool SegmentedCodeCache                       = true                                      {product} {ergonomic}
   size_t SoftMaxHeapSize                          = 4240441344                             {manageable} {ergonomic}
     bool UseCompressedClassPointers               = true                           {product lp64_product} {ergonomic}
     bool UseCompressedOops                        = true                           {product lp64_product} {ergonomic}
     bool UseG1GC                                  = true                                      {product} {ergonomic}
     bool UseLargePagesIndividualAllocation        = false                                  {pd product} {ergonomic}

Logging:
Log output configuration:
 #0: stdout all=warning uptime,level,tags
 #1: stderr all=off uptime,level,tags

Environment Variables:
JAVA_HOME=C:\Program Files\Java\jdk-17.0.12
CLASSPATH=D:\NewtonScript\Custom_Reports_Playwright\node_modules\allure-commandline\dist\lib\*;D:\NewtonScript\Custom_Reports_Playwright\node_modules\allure-commandline\dist\lib\config
PATH=D:\NewtonScript\Custom_Reports_Playwright\node_modules\.bin;D:\NewtonScript\Custom_Reports_Playwright\node_modules\.bin;D:\NewtonScript\node_modules\.bin;D:\node_modules\.bin;C:\Users\Muskan Singh\AppData\Roaming\npm\node_modules\npm\node_modules\@npmcli\run-script\lib\node-gyp-bin;D:\NewtonScript\Custom_Reports_Playwright\node_modules\.bin;D:\NewtonScript\Custom_Reports_Playwright\node_modules\.bin;D:\NewtonScript\node_modules\.bin;D:\node_modules\.bin;C:\Users\Muskan Singh\AppData\Roaming\npm\node_modules\npm\node_modules\@npmcli\run-script\lib\node-gyp-bin;C:\Program Files\Common Files\Oracle\Java\javapath;C:\WINDOWS\system32;C:\WINDOWS;C:\WINDOWS\System32\Wbem;C:\WINDOWS\System32\WindowsPowerShell\v1.0\;C:\WINDOWS\System32\OpenSSH\;C:\Program Files\Git\cmd;C:\Program Files\Apache\Maven\apache-maven-3.9.11\bin;C:\Program Files\nodejs\;C:\Program Files\Java\jdk-17.0.12\bin;C:\Program Files\Apache\Maven\apache-maven-3.9.11\bin;C:\Program Files\dotnet\;C:\Program Files\cursor\resources\app\bin;C:\Program Files\Java\jdk-11.0.17\bin;C:\Users\Muskan Singh\AppData\Local\Programs\Microsoft VS Code\bin;C:\Users\Muskan Singh\AppData\Roaming\npm;C:\Users\Muskan Singh\AppData\Local\Microsoft\WindowsApps;C:\Users\Muskan Singh\.local\bin
USERNAME=MuskanSingh
OS=Windows_NT
PROCESSOR_IDENTIFIER=Intel64 Family 6 Model 142 Stepping 12, GenuineIntel



---------------  S Y S T E M  ---------------

OS:
 Windows 11 , 64 bit Build 26100 (10.0.26100.8246)
OS uptime: 1 days 20:59 hours

CPU: total 8 (initial active 8) (4 cores per cpu, 2 threads per core) family 6 model 142 stepping 12 microcode 0xf0, cx8, cmov, fxsr, ht, mmx, 3dnowpref, sse, sse2, sse3, ssse3, sse4.1, sse4.2, popcnt, lzcnt, tsc, tscinvbit, avx, avx2, aes, erms, clmul, bmi1, bmi2, adx, fma, vzeroupper, clflush, clflushopt

Memory: 4k page, system-wide physical 16172M (619M free)
TotalPageFile size 34006M (AvailPageFile size 105M)
current process WorkingSet (physical memory assigned to process): 21M, peak: 21M
current process commit charge ("private bytes"): 64M, peak: 318M

vm_info: Java HotSpot(TM) 64-Bit Server VM (17.0.12+8-LTS-286) for windows-amd64 JRE (17.0.12+8-LTS-286), built on Jun  5 2024 06:46:59 by "mach5one" with MS VC++ 17.6 (VS2022)

END.
